// Jest Snapshot v1, https://goo.gl/fbAQLP

exports[`NewPetForm that it matches an existing snapshot 1`] = `
<NewPetForm
  addPetCallback={[Function]}
>
  <form
    onSubmit={[Function]}
  >
    <div>
      <label
        htmlFor="name"
      >
        Name: 
      </label>
      <input
        name="name"
        onChange={[Function]}
        type="text"
        value=""
      />
    </div>
    <div>
      <label
        htmlFor="age"
      >
        Age: 
      </label>
      <input
        name="age"
        onChange={[Function]}
        type="number"
        value={0}
      />
    </div>
    <div>
      <label
        htmlFor="breed"
      >
        Breed: 
      </label>
      <input
        name="breed"
        onChange={[Function]}
        type="text"
        value=""
      />
    </div>
    <div>
      <label
        htmlFor="about"
      >
        About: 
      </label>
      <textarea
        name="about"
        onChange={[Function]}
        value=""
      />
    </div>
    <input
      type="submit"
      value="Add Pet"
    />
  </form>
</NewPetForm>
`;
