// Jest Snapshot v1, https://goo.gl/fbAQLP

exports[`<App /> that it renders App with shallow rendering 1`] = `
<div
  className="App"
>
  <PetCollection />
</div>
`;
